{
	"conditions": [
		{
			"type": "Complete",
			"status": "True",
			"lastProbeTime": "2019-11-11T12:00:00Z",
			"lastTransitionTime": "2019-11-11T12:00:00Z"
		}
	],
	"startTime": "2019-11-11T11:00:00Z",
	"completionTime": "2019-11-11T12:00:00Z",
	"active": 1,
	"succeeded": 2,
	"failed": 3
}