{
	"kind": "ClusterRoleBinding",
	"apiVersion": "rbac.authorization.k8s.io/v1",
	"metadata": {
		"name": "sshd-wlgore-app-prod",
		"resourceVersion": "1",
		"creationTimestamp": null,
		"labels": {
			"fnresources.acquia.io/application-id": "c7b96d1a-e50a-47f2-a94b-f1f6aada4704",
			"fnresources.acquia.io/environment-id": "d6a1c503-c2b0-48d7-8d64-450cdfcb07ee"
		}
	},
	"subjects": [
		{
			"kind": "ServiceAccount",
			"name": "sshd",
			"namespace": "wlgore-app-prod"
		}
	],
	"roleRef": {
		"apiGroup": "rbac.authorization.k8s.io",
		"kind": "ClusterRole",
		"name": "sshd"
	}
}